// Jest Snapshot v1, https://goo.gl/fbAQLP

exports[`matches snapshots 1`] = `
<styled.div
  checked={false}
  className="check-box"
  onClick={[MockFunction]}
  type="checkbox"
/>
`;
